####T6 Sruvey####


[user4@desktop-email3 ~]$ mount
sysfs on /sys type sysfs (rw,nosuid,nodev,noexec,relatime,seclabel)
proc on /proc type proc (rw,nosuid,nodev,noexec,relatime)
devtmpfs on /dev type devtmpfs (rw,nosuid,seclabel,size=2948952k,nr_inodes=737238,mode=755)
securityfs on /sys/kernel/security type securityfs (rw,nosuid,nodev,noexec,relatime)
tmpfs on /dev/shm type tmpfs (rw,nosuid,nodev,seclabel)
devpts on /dev/pts type devpts (rw,nosuid,noexec,relatime,seclabel,gid=5,mode=620,ptmxmode=000)
tmpfs on /run type tmpfs (rw,nosuid,nodev,seclabel,mode=755)
tmpfs on /sys/fs/cgroup type tmpfs (ro,nosuid,nodev,noexec,seclabel,mode=755)
cgroup on /sys/fs/cgroup/systemd type cgroup (rw,nosuid,nodev,noexec,relatime,seclabel,xattr,release_agent=/usr/lib/systemd/systemd-cgroups-agent,name=systemd)
pstore on /sys/fs/pstore type pstore (rw,nosuid,nodev,noexec,relatime)
cgroup on /sys/fs/cgroup/cpuset type cgroup (rw,nosuid,nodev,noexec,relatime,seclabel,cpuset)
cgroup on /sys/fs/cgroup/net_cls,net_prio type cgroup (rw,nosuid,nodev,noexec,relatime,seclabel,net_prio,net_cls)
cgroup on /sys/fs/cgroup/blkio type cgroup (rw,nosuid,nodev,noexec,relatime,seclabel,blkio)
cgroup on /sys/fs/cgroup/hugetlb type cgroup (rw,nosuid,nodev,noexec,relatime,seclabel,hugetlb)
cgroup on /sys/fs/cgroup/cpu,cpuacct type cgroup (rw,nosuid,nodev,noexec,relatime,seclabel,cpuacct,cpu)
cgroup on /sys/fs/cgroup/memory type cgroup (rw,nosuid,nodev,noexec,relatime,seclabel,memory)
cgroup on /sys/fs/cgroup/perf_event type cgroup (rw,nosuid,nodev,noexec,relatime,seclabel,perf_event)
cgroup on /sys/fs/cgroup/devices type cgroup (rw,nosuid,nodev,noexec,relatime,seclabel,devices)
cgroup on /sys/fs/cgroup/pids type cgroup (rw,nosuid,nodev,noexec,relatime,seclabel,pids)
cgroup on /sys/fs/cgroup/freezer type cgroup (rw,nosuid,nodev,noexec,relatime,seclabel,freezer)
configfs on /sys/kernel/config type configfs (rw,relatime)
/dev/sda1 on / type xfs (rw,relatime,seclabel,attr2,inode64,noquota)
rpc_pipefs on /var/lib/nfs/rpc_pipefs type rpc_pipefs (rw,relatime)
selinuxfs on /sys/fs/selinux type selinuxfs (rw,relatime)
systemd-1 on /proc/sys/fs/binfmt_misc type autofs (rw,relatime,fd=27,pgrp=1,timeout=0,minproto=5,maxproto=5,direct,pipe_ino=11996)
hugetlbfs on /dev/hugepages type hugetlbfs (rw,relatime,seclabel)
mqueue on /dev/mqueue type mqueue (rw,relatime,seclabel)
debugfs on /sys/kernel/debug type debugfs (rw,relatime)
tmpfs on /run/user/1019 type tmpfs (rw,nosuid,nodev,relatime,seclabel,size=594448k,mode=700,uid=1019,gid=10)
tmpfs on /run/user/1009 type tmpfs (rw,nosuid,nodev,relatime,seclabel,size=594448k,mode=700,uid=1009,gid=10)
binfmt_misc on /proc/sys/fs/binfmt_misc type binfmt_misc (rw,relatime)
tmpfs on /run/user/1015 type tmpfs (rw,nosuid,nodev,relatime,seclabel,size=594448k,mode=700,uid=1015,gid=10)
tmpfs on /run/user/1004 type tmpfs (rw,nosuid,nodev,relatime,seclabel,size=594448k,mode=700,uid=1004,gid=10)
tmpfs on /run/user/1021 type tmpfs (rw,nosuid,nodev,relatime,seclabel,size=594448k,mode=700,uid=1021,gid=10)
tmpfs on /run/user/1023 type tmpfs (rw,nosuid,nodev,relatime,seclabel,size=594448k,mode=700,uid=1023,gid=10)
tmpfs on /run/user/1018 type tmpfs (rw,nosuid,nodev,relatime,seclabel,size=594448k,mode=700,uid=1018,gid=10)
tmpfs on /run/user/1003 type tmpfs (rw,nosuid,nodev,relatime,seclabel,size=594448k,mode=700,uid=1003,gid=10)
tmpfs on /run/user/1007 type tmpfs (rw,nosuid,nodev,relatime,seclabel,size=594448k,mode=700,uid=1007,gid=10)
tmpfs on /run/user/0 type tmpfs (rw,nosuid,nodev,relatime,seclabel,size=594448k,mode=700)
tmpfs on /run/user/1012 type tmpfs (rw,nosuid,nodev,relatime,seclabel,size=594448k,mode=700,uid=1012,gid=10)

[user4@desktop-email3 ~]$ lsmod
Module                  Size  Used by
tcp_diag               12591  0 
udp_diag               12801  0 
inet_diag              18949  2 tcp_diag,udp_diag
binfmt_misc            17468  1 
iptable_nat            12875  0 
nf_conntrack_ipv4      15053  1 
nf_defrag_ipv4         12729  1 nf_conntrack_ipv4
nf_nat_ipv4            14115  1 iptable_nat
nf_nat                 26583  1 nf_nat_ipv4
nf_conntrack          137239  3 nf_nat,nf_nat_ipv4,nf_conntrack_ipv4
iptable_filter         12810  0 
kvm_amd              2177260  0 
kvm                   621392  1 kvm_amd
irqbypass              13503  1 kvm
crc32_pclmul           13133  0 
ghash_clmulni_intel    13273  0 
virtio_rng             13029  0 
aesni_intel           189415  0 
sg                     40721  0 
lrw                    13286  1 aesni_intel
gf128mul               15139  1 lrw
glue_helper            13990  1 aesni_intel
pcspkr                 12718  0 
ablk_helper            13597  1 aesni_intel
ppdev                  17671  0 
cryptd                 21190  3 ghash_clmulni_intel,aesni_intel,ablk_helper
i2c_piix4              22401  0 
joydev                 17389  0 
virtio_balloon         18015  0 
parport_pc             28205  0 
parport                46395  2 ppdev,parport_pc
ip_tables              27126  2 iptable_filter,iptable_nat
xfs                   996949  1 
libcrc32c              12644  3 xfs,nf_nat,nf_conntrack
sd_mod                 46281  2 
crc_t10dif             12912  1 sd_mod
crct10dif_generic      12647  0 
ata_generic            12923  0 
pata_acpi              13053  0 
virtio_console         28076  0 
virtio_scsi            18463  1 
virtio_net             28063  0 
ata_piix               35052  0 
libata                243133  3 pata_acpi,ata_generic,ata_piix
serio_raw              13434  0 
crct10dif_pclmul       14307  1 
crct10dif_common       12595  3 crct10dif_pclmul,crct10dif_generic,crc_t10dif
crc32c_intel           22094  1 
virtio_pci             22985  0 
virtio_ring            22746  6 virtio_net,virtio_pci,virtio_rng,virtio_balloon,virtio_console,virtio_scsi
floppy                 69432  0 
virtio                 14959  6 virtio_net,virtio_pci,virtio_rng,virtio_balloon,virtio_console,virtio_scsi
sunrpc                353103  1 

[user4@desktop-email3 ~]$ uname -a
Linux desktop-email3 3.10.0-957.27.2.el7.x86_64 #1 SMP Mon Jul 29 17:46:05 UTC 2019 x86_64 x86_64 x86_64 GNU/Linux

[user4@desktop-email3 ~]$ ls -latr /etc/*release*
-rw-r--r--. 1 root root  23 Nov 23  2018 /etc/system-release-cpe
-rw-r--r--. 1 root root 393 Nov 23  2018 /etc/os-release
-rw-r--r--. 1 root root  51 Nov 23  2018 /etc/centos-release-upstream
-rw-r--r--. 1 root root  38 Nov 23  2018 /etc/centos-release
lrwxrwxrwx. 1 root root  14 Aug  8  2019 /etc/redhat-release -> centos-release
lrwxrwxrwx. 1 root root  14 Aug  8  2019 /etc/system-release -> centos-release
[user4@desktop-email3 ~]$ cat /etc/*release*
CentOS Linux release 7.6.1810 (Core) 
Derived from Red Hat Enterprise Linux 7.6 (Source)
NAME="CentOS Linux"
VERSION="7 (Core)"
ID="centos"
ID_LIKE="rhel fedora"
VERSION_ID="7"
PRETTY_NAME="CentOS Linux 7 (Core)"
ANSI_COLOR="0;31"
CPE_NAME="cpe:/o:centos:centos:7"
HOME_URL="https://www.centos.org/"
BUG_REPORT_URL="https://bugs.centos.org/"

CENTOS_MANTISBT_PROJECT="CentOS-7"
CENTOS_MANTISBT_PROJECT_VERSION="7"
REDHAT_SUPPORT_PRODUCT="centos"
REDHAT_SUPPORT_PRODUCT_VERSION="7"

CentOS Linux release 7.6.1810 (Core) 
CentOS Linux release 7.6.1810 (Core) 
cpe:/o:centos:centos:7

[user4@desktop-email3 ~]$ cat /proc/cpuinfo
processor       : 0
vendor_id       : AuthenticAMD
cpu family      : 23
model           : 49
model name      : AMD EPYC-Rome Processor
stepping        : 0
microcode       : 0x1000065
cpu MHz         : 2249.998
cache size      : 512 KB
physical id     : 0
siblings        : 1
core id         : 0
cpu cores       : 1
apicid          : 0
initial apicid  : 0
fpu             : yes
fpu_exception   : yes
cpuid level     : 13
wp              : yes
flags           : fpu vme de pse tsc msr pae mce cx8 apic sep mtrr pge mca cmov pat pse36 clflush mmx fxsr sse sse2 syscall nx mmxext fxsr_opt pdpe1gb rdtscp lm art rep_good nopl xtopology extd_apicid eagerfpu pni pclmulqdq ssse3 fma cx16 sse4_1 sse4_2 x2apic movbe popcnt tsc_deadline_timer aes xsave avx f16c rdrand hypervisor lahf_lm cmp_legacy svm cr8_legacy abm sse4a misalignsse 3dnowprefetch osvw topoext perfctr_core retpoline_amd ssbd ibrs ibpb stibp vmmcall fsgsbase tsc_adjust bmi1 avx2 smep bmi2 rdseed adx smap clflushopt clwb sha_ni xsaveopt xsavec xgetbv1 clzero xsaveerptr arat npt nrip_save umip spec_ctrl intel_stibp arch_capabilities
bogomips        : 4499.99
TLB size        : 1024 4K pages
clflush size    : 64
cache_alignment : 64
address sizes   : 40 bits physical, 48 bits virtual
power management:

processor       : 1
vendor_id       : AuthenticAMD
cpu family      : 23
model           : 49
model name      : AMD EPYC-Rome Processor
stepping        : 0
microcode       : 0x1000065
cpu MHz         : 2249.998
cache size      : 512 KB
physical id     : 1
siblings        : 1
core id         : 0
cpu cores       : 1
apicid          : 1
initial apicid  : 1
fpu             : yes
fpu_exception   : yes
cpuid level     : 13
wp              : yes
flags           : fpu vme de pse tsc msr pae mce cx8 apic sep mtrr pge mca cmov pat pse36 clflush mmx fxsr sse sse2 syscall nx mmxext fxsr_opt pdpe1gb rdtscp lm art rep_good nopl xtopology extd_apicid eagerfpu pni pclmulqdq ssse3 fma cx16 sse4_1 sse4_2 x2apic movbe popcnt tsc_deadline_timer aes xsave avx f16c rdrand hypervisor lahf_lm cmp_legacy svm cr8_legacy abm sse4a misalignsse 3dnowprefetch osvw topoext perfctr_core retpoline_amd ssbd ibrs ibpb stibp vmmcall fsgsbase tsc_adjust bmi1 avx2 smep bmi2 rdseed adx smap clflushopt clwb sha_ni xsaveopt xsavec xgetbv1 clzero xsaveerptr arat npt nrip_save umip spec_ctrl intel_stibp arch_capabilities
bogomips        : 4499.99
TLB size        : 1024 4K pages
clflush size    : 64
cache_alignment : 64
address sizes   : 40 bits physical, 48 bits virtual
power management:

processor       : 2
vendor_id       : AuthenticAMD
cpu family      : 23
model           : 49
model name      : AMD EPYC-Rome Processor
stepping        : 0
microcode       : 0x1000065
cpu MHz         : 2249.998
cache size      : 512 KB
physical id     : 2
siblings        : 1
core id         : 0
cpu cores       : 1
apicid          : 2
initial apicid  : 2
fpu             : yes
fpu_exception   : yes
cpuid level     : 13
wp              : yes
flags           : fpu vme de pse tsc msr pae mce cx8 apic sep mtrr pge mca cmov pat pse36 clflush mmx fxsr sse sse2 syscall nx mmxext fxsr_opt pdpe1gb rdtscp lm art rep_good nopl xtopology extd_apicid eagerfpu pni pclmulqdq ssse3 fma cx16 sse4_1 sse4_2 x2apic movbe popcnt tsc_deadline_timer aes xsave avx f16c rdrand hypervisor lahf_lm cmp_legacy svm cr8_legacy abm sse4a misalignsse 3dnowprefetch osvw topoext perfctr_core retpoline_amd ssbd ibrs ibpb stibp vmmcall fsgsbase tsc_adjust bmi1 avx2 smep bmi2 rdseed adx smap clflushopt clwb sha_ni xsaveopt xsavec xgetbv1 clzero xsaveerptr arat npt nrip_save umip spec_ctrl intel_stibp arch_capabilities
bogomips        : 4499.99
TLB size        : 1024 4K pages
clflush size    : 64
cache_alignment : 64
address sizes   : 40 bits physical, 48 bits virtual
power management:

processor       : 3
vendor_id       : AuthenticAMD
cpu family      : 23
model           : 49
model name      : AMD EPYC-Rome Processor
stepping        : 0
microcode       : 0x1000065
cpu MHz         : 2249.998
cache size      : 512 KB
physical id     : 3
siblings        : 1
core id         : 0
cpu cores       : 1
apicid          : 3
initial apicid  : 3
fpu             : yes
fpu_exception   : yes
cpuid level     : 13
wp              : yes
flags           : fpu vme de pse tsc msr pae mce cx8 apic sep mtrr pge mca cmov pat pse36 clflush mmx fxsr sse sse2 syscall nx mmxext fxsr_opt pdpe1gb rdtscp lm art rep_good nopl xtopology extd_apicid eagerfpu pni pclmulqdq ssse3 fma cx16 sse4_1 sse4_2 x2apic movbe popcnt tsc_deadline_timer aes xsave avx f16c rdrand hypervisor lahf_lm cmp_legacy svm cr8_legacy abm sse4a misalignsse 3dnowprefetch osvw topoext perfctr_core retpoline_amd ssbd ibrs ibpb stibp vmmcall fsgsbase tsc_adjust bmi1 avx2 smep bmi2 rdseed adx smap clflushopt clwb sha_ni xsaveopt xsavec xgetbv1 clzero xsaveerptr arat npt nrip_save umip spec_ctrl intel_stibp arch_capabilities
bogomips        : 4499.99
TLB size        : 1024 4K pages
clflush size    : 64
cache_alignment : 64
address sizes   : 40 bits physical, 48 bits virtual
power management:

[user4@desktop-email3 ~]$ cat /proc/meminfo
MemTotal:        5944464 kB
MemFree:         5071220 kB
MemAvailable:    5117428 kB
Buffers:            2088 kB
Cached:           554764 kB
SwapCached:            0 kB
Active:           430044 kB
Inactive:         199760 kB
Active(anon):     287348 kB
Inactive(anon):   138768 kB
Active(file):     142696 kB
Inactive(file):    60992 kB
Unevictable:           0 kB
Mlocked:               0 kB
SwapTotal:             0 kB
SwapFree:              0 kB
Dirty:                32 kB
Writeback:             0 kB
AnonPages:         72976 kB
Mapped:            37124 kB
Shmem:            353164 kB
Slab:             149352 kB
SReclaimable:     111768 kB
SUnreclaim:        37584 kB
KernelStack:        2560 kB
PageTables:        10364 kB
NFS_Unstable:          0 kB
Bounce:                0 kB
WritebackTmp:          0 kB
CommitLimit:     2972232 kB
Committed_AS:     639132 kB
VmallocTotal:   34359738367 kB
VmallocUsed:       17900 kB
VmallocChunk:   34359717888 kB
HardwareCorrupted:     0 kB
AnonHugePages:     18432 kB
CmaTotal:              0 kB
CmaFree:               0 kB
HugePages_Total:       0
HugePages_Free:        0
HugePages_Rsvd:        0
HugePages_Surp:        0
Hugepagesize:       2048 kB
DirectMap4k:      132980 kB
DirectMap2M:     4061184 kB
DirectMap1G:     4194304 kB

root:$6$3OBIW/pJ4Cb$nd0cY.00ZmSw4QOYzrdjzZMiV5qO.kKn2T0h6hzQfDiq3MmIfmriH4m.mbdZN7KQjGryfgBv6mjQ5zgN1ldhy.:19034:0:99999:7:::
bin:*:17834:0:99999:7:::
daemon:*:17834:0:99999:7:::
adm:*:17834:0:99999:7:::
lp:*:17834:0:99999:7:::
sync:*:17834:0:99999:7:::
shutdown:*:17834:0:99999:7:::
halt:*:17834:0:99999:7:::
mail:*:17834:0:99999:7:::
operator:*:17834:0:99999:7:::
games:*:17834:0:99999:7:::
ftp:*:17834:0:99999:7:::
nobody:*:17834:0:99999:7:::
systemd-network:!!:18116::::::
dbus:!!:18116::::::
polkitd:!!:18116::::::
rpc:!!:18116:0:99999:7:::
rpcuser:!!:18116::::::
nfsnobody:!!:18116::::::
sshd:!!:18116::::::
postfix:!!:18116::::::
chrony:!!:18116::::::
centos:!!:19034:0:99999:7:::
user1:$1$ed9nbUsB$0wi/8FUEqWqhJMe.rF9Nb.:19034:0:99999:7:::
user2:$1$LM5ndo8O$SJqxSvRMMIHsNLjVwmt6m.:19034:0:99999:7:::
user3:$1$bc6pX1g1$dKzYtT6VZWHi5xS.Zmm2o/:19034:0:99999:7:::
user4:$1$02zltbNT$7CJpGwXd3QxB6xJtG/nPb0:19034:0:99999:7:::
user5:$1$1i6zapuQ$s5SwPHmyZjEdY3c//EnYz.:19034:0:99999:7:::
user6:$1$LR4k1VxR$L1UgMEbEdt/ElIvza9zIb.:19034:0:99999:7:::
user7:$1$JVlJSXX6$77wUvXejMGAsicLa/k2WV/:19034:0:99999:7:::
user8:$1$PEIl5t6l$VYF6ThlYlWPb4kb90mE8U/:19034:0:99999:7:::
user9:$1$/zaSeNQh$jvkhnLixyC/hjYVs8Ud8F1:19034:0:99999:7:::
user10:$1$ZxuGm/hR$Q5V7OabkQUsdbJ01y0qQV.:19034:0:99999:7:::
user11:$1$kj.YhRSr$LJvXYMwEDhRcKmQuctEhk0:19034:0:99999:7:::
user12:$1$W8EPwgEz$rXSvCCGcB4O2IcLnOMHgM.:19034:0:99999:7:::
user13:$1$pDtsvrCf$820dQc6XSdfdOZr7wUEZS0:19034:0:99999:7:::
user14:$1$6k4ZdhZL$PSDx1gGt/0iV9ODtT2FA51:19034:0:99999:7:::
user15:$1$xHzToVi/$4MBfMODCRMQ.dwz4shLE7/:19034:0:99999:7:::
user16:$1$Fbs6b9QH$P2Oq5K3K.2zZ9f.w.wB7G0:19034:0:99999:7:::
user17:$1$mPrRVf1u$39nBNLXbVwbFJuobLEkRn.:19034:0:99999:7:::
user18:$1$BzjMUE.K$Kq16xiCKmxJ6lbmexWen11:19034:0:99999:7:::
user19:$1$vfv4BOg1$CAbgpCtc8I30xu42NgD6Z1:19034:0:99999:7:::
user20:$1$O/rl5.Lq$MrowUR3RT6Iw4ByB0fnwk/:19034:0:99999:7:::
user21:$1$PW3blRa.$2RwWrNYuKL9hu1kNXXvgn.:19034:0:99999:7:::
user22:$1$h9uYT7Lo$hVFomLxxzyu2EPtrRbtUR/:19034:0:99999:7:::
user23:$1$5Wonxn93$xShRtpSgWzAphHVYF1PVE0:19034:0:99999:7:::
radicle:$1$tabpl/mE$M4JBJOo3BFuug7hb0bFKr1:19034:0:99999:7:::
dovecot:!!:19034::::::
dovenull:!!:19034::::::
tcpdump:!!:19034::::::
[user4@desktop-email3 ~]$ cat /etc/passwd
root:x:0:0:root:/root:/bin/bash
bin:x:1:1:bin:/bin:/sbin/nologin
daemon:x:2:2:daemon:/sbin:/sbin/nologin
adm:x:3:4:adm:/var/adm:/sbin/nologin
lp:x:4:7:lp:/var/spool/lpd:/sbin/nologin
sync:x:5:0:sync:/sbin:/bin/sync
shutdown:x:6:0:shutdown:/sbin:/sbin/shutdown
halt:x:7:0:halt:/sbin:/sbin/halt
mail:x:8:12:mail:/var/spool/mail:/sbin/nologin
operator:x:11:0:operator:/root:/sbin/nologin
games:x:12:100:games:/usr/games:/sbin/nologin
ftp:x:14:50:FTP User:/var/ftp:/sbin/nologin
nobody:x:99:99:Nobody:/:/sbin/nologin
systemd-network:x:192:192:systemd Network Management:/:/sbin/nologin
dbus:x:81:81:System message bus:/:/sbin/nologin
polkitd:x:999:998:User for polkitd:/:/sbin/nologin
rpc:x:32:32:Rpcbind Daemon:/var/lib/rpcbind:/sbin/nologin
rpcuser:x:29:29:RPC Service User:/var/lib/nfs:/sbin/nologin
nfsnobody:x:65534:65534:Anonymous NFS User:/var/lib/nfs:/sbin/nologin
sshd:x:74:74:Privilege-separated SSH:/var/empty/sshd:/sbin/nologin
postfix:x:89:89::/var/spool/postfix:/sbin/nologin
chrony:x:998:995::/var/lib/chrony:/sbin/nologin
centos:x:1000:1000:Cloud User:/home/centos:/bin/bash
user1:x:1001:10::/home/useraccounts/user1:/bin/bash
user2:x:1002:10::/home/useraccounts/user2:/bin/bash
user3:x:1003:10::/home/useraccounts/user3:/bin/bash
user4:x:1004:10::/home/useraccounts/user4:/bin/bash
user5:x:1005:10::/home/useraccounts/user5:/bin/bash
user6:x:1006:10::/home/useraccounts/user6:/bin/bash
user7:x:1007:10::/home/useraccounts/user7:/bin/bash
user8:x:1008:10::/home/useraccounts/user8:/bin/bash
user9:x:1009:10::/home/useraccounts/user9:/bin/bash
user10:x:1010:10::/home/useraccounts/user10:/bin/bash
user11:x:1011:10::/home/useraccounts/user11:/bin/bash
user12:x:1012:10::/home/useraccounts/user12:/bin/bash
user13:x:1013:10::/home/useraccounts/user13:/bin/bash
user14:x:1014:10::/home/useraccounts/user14:/bin/bash
user15:x:1015:10::/home/useraccounts/user15:/bin/bash
user16:x:1016:10::/home/useraccounts/user16:/bin/bash
user17:x:1017:10::/home/useraccounts/user17:/bin/bash
user18:x:1018:10::/home/useraccounts/user18:/bin/bash
user19:x:1019:10::/home/useraccounts/user19:/bin/bash
user20:x:1020:10::/home/useraccounts/user20:/bin/bash
user21:x:1021:10::/home/useraccounts/user21:/bin/bash
user22:x:1022:10::/home/useraccounts/user22:/bin/bash
user23:x:1023:10::/home/useraccounts/user23:/bin/bash
radicle:x:1024:10::/home/useraccounts/radicle:/bin/bash
dovecot:x:97:97:Dovecot IMAP server:/usr/libexec/dovecot:/sbin/nologin
dovenull:x:997:994:Dovecot's unauthorized user:/usr/libexec/dovecot:/sbin/nologin
tcpdump:x:72:72::/:/sbin/nologin

[user4@desktop-email3 ~]$ arp -a
? (10.123.169.2) at fa:16:3e:98:92:10 [ether] on eth0
? (10.123.169.3) at fa:16:3e:20:94:33 [ether] on eth0
gateway (10.123.169.1) at fa:16:3e:e0:68:eb [ether] on eth0
? (10.123.169.5) at fa:16:3e:05:2c:d6 [ether] on eth0

[user4@desktop-email3 ~]$ lsusb
-bash: lsusb: command not found
[user4@desktop-email3 ~]$ lsblk
NAME   MAJ:MIN RM SIZE RO TYPE MOUNTPOINT
sda      8:0    0  32G  0 disk 
└─sda1   8:1    0  32G  0 part /
[user4@desktop-email3 ~]$ sudo fdisk -l

Disk /dev/sda: 34.4 GB, 34359738368 bytes, 67108864 sectors
Units = sectors of 1 * 512 = 512 bytes
Sector size (logical/physical): 512 bytes / 512 bytes
I/O size (minimum/optimal): 512 bytes / 512 bytes
Disk label type: dos
Disk identifier: 0x000b6061

   Device Boot      Start         End      Blocks   Id  System
/dev/sda1   *        2048    67108830    33553391+  83  Linux
[user4@desktop-email3 ~]$ free -m
              total        used        free      shared  buff/cache   available
Mem:           5805         162        4952         344         689        4997
Swap:             0           0           0
[user4@desktop-email3 ~]$ sudo dmidecode -t bios
# dmidecode 3.1
Getting SMBIOS data from sysfs.
SMBIOS 2.8 present.

Handle 0x0000, DMI type 0, 24 bytes
BIOS Information
        Vendor: SeaBIOS
        Version: 1.13.0-1ubuntu1.1
        Release Date: 04/01/2014
        Address: 0xE8000
        Runtime Size: 96 kB
        ROM Size: 64 kB
        Characteristics:
                BIOS characteristics not supported
                Targeted content distribution is supported
        BIOS Revision: 0.0


