#############Awesome notes 04-08-22#####################

Playbook
>T1: 10.50.28.223 / 192.168.0.99
-> T2: 192.168.0.10
--> T3: 192.168.0.23
---> T4: 192.168.0.12
----> T5: 192.168.0.9
-----> T6: 192.168.0.13
------> T7:  192.168.0.27



=========================
T1: 10.50.28.223
=========================
X-----------------------

ssh -MS /tmp/T1 -o StrictHostKeyChecking=no -o UserKnownHostsFile=/dev/null student4@10.50.28.223 -p 22
password4
2022-08-04 17:25:09-- ON

[student4@frankcastle ~]$ ip addr
1: lo: <LOOPBACK,UP,LOWER_UP> mtu 65536 qdisc noqueue state UNKNOWN group default qlen 1000
    link/loopback 00:00:00:00:00:00 brd 00:00:00:00:00:00
    inet 127.0.0.1/8 scope host lo
       valid_lft forever preferred_lft forever
    inet6 ::1/128 scope host 
       valid_lft forever preferred_lft forever
2: eth0: <BROADCAST,MULTICAST,UP,LOWER_UP> mtu 1450 qdisc mq state UP group default qlen 1000
    link/ether fa:16:3e:48:09:b1 brd ff:ff:ff:ff:ff:ff
    inet 192.168.0.99/24 brd 192.168.0.255 scope global dynamic eth0
       valid_lft 54413sec preferred_lft 54413sec
    inet6 fe80::f816:3eff:fe48:9b1/64 scope link 
       valid_lft forever preferred_lft forever


[student4@frankcastle ~]$ sudo ls -latr /root
total 40
-rw-r--r--.  1 root root  129 Dec 29  2013 .tcshrc
-rw-r--r--.  1 root root  100 Dec 29  2013 .cshrc
-rw-r--r--.  1 root root  176 Dec 29  2013 .bashrc
-rw-r--r--.  1 root root  176 Dec 29  2013 .bash_profile
-rw-r--r--.  1 root root   18 Dec 29  2013 .bash_logout
dr-xr-xr-x. 17 root root  224 Aug  8  2019 ..
-rw-------.  1 root root 6577 Aug  8  2019 original-ks.cfg
-rw-------.  1 root root 6921 Aug  8  2019 anaconda-ks.cfg
drwx------.  2 root root   29 Jul 26 13:52 .ssh
drwxr-xr-x.  8 root root   78 Jul 26 13:54 timestampfun
drwxr-xr-x.  4 root root  220 Jul 26 14:10 linux-malware-detect
drwxr-----.  3 root root   19 Jul 26 14:22 .pki
dr-xr-x---.  6 root root  230 Jul 26 14:22 .
-rw-------.  1 root root  508 Aug  4 15:49 .bash_history


4 S root     10737     1  0  80   0 - 98257 poll_s Jul26 ?        00:02:00 /usr/sbin/rsyslogd -n
5 S root      9089     1  0  76  -4 - 13880 ep_pol Jul26 ?        00:00:02 /sbin/auditd

[student4@frankcastle ~]$ netstat -auntp
(No info could be read for "-p": geteuid()=1004 but you should be root.)
Active Internet connections (servers and established)
Proto Recv-Q Send-Q Local Address           Foreign Address         State       PID/Program name    
tcp        0      0 127.0.0.1:25            0.0.0.0:*               LISTEN      -                   
tcp        0      0 0.0.0.0:111             0.0.0.0:*               LISTEN      -                   
tcp        0      0 0.0.0.0:22              0.0.0.0:*               LISTEN      -                   
tcp        0     36 192.168.0.99:22         10.50.33.208:37888      ESTABLISHED -                   
tcp6       0      0 ::1:25                  :::*                    LISTEN      -                   
tcp6       0      0 :::111                  :::*                    LISTEN      -                   
tcp6       0      0 :::22                   :::*                    LISTEN      -                   
udp        0      0 0.0.0.0:68              0.0.0.0:*                           -                   
udp        0      0 0.0.0.0:111             0.0.0.0:*                           -                   
udp        0      0 127.0.0.1:323           0.0.0.0:*                           -                   
udp        0      0 0.0.0.0:514             0.0.0.0:*                           -                   
udp        0      0 0.0.0.0:689             0.0.0.0:*                           -                   
udp6       0      0 :::111                  :::*                                -                   
udp6       0      0 ::1:323                 :::*                                -                   
udp6       0      0 :::514                  :::*                                -                   
udp6       0      0 :::689                  :::*                                -   

2022-08-05 13:29:38-- looking complete

2022-08-05 13:29:45-- start scan

ls: cannot open directory /var/log/MattMurdock: Permission denied
ls: cannot open directory /var/log/TonyStark: Permission denied
ls: cannot open directory /var/log/peterparker: Permission denied
ls: cannot open directory /var/log/frankcastle: Permission denied
ls: cannot open directory /var/log/WadeWilson: Permission denied

[proxychains] Strict chain  ...  127.0.0.1:9050  ...  192.168.0.10:22  ...  OK
[proxychains] Strict chain  ...  127.0.0.1:9050  ...  192.168.0.23:22  ...  OK
[proxychains] Strict chain  ...  127.0.0.1:9050  ...  192.168.0.27:22  ...  OK
[proxychains] Strict chain  ...  127.0.0.1:9050  ...  192.168.0.13:22  ...  OK
[proxychains] Strict chain  ...  127.0.0.1:9050  ...  192.168.0.9:22  ...  OK
[proxychains] Strict chain  ...  127.0.0.1:9050  ...  192.168.0.12:22  ...  OK

ssh -S /tmp/T1 bad -O forward -D 9050
proxychains nmap -Pn -sT 192.168.0.1-30 -p22 | grep open
proxychains nc -nv 192.168.0.12 22 ->  SSH-2.0-OpenSSH_for_Windows_7.9
proxychains nc -nv 192.168.0.23 22 ->  SSH-2.0-OpenSSH_7.4
proxychains nc -nv 192.168.0.27 22 ->  SSH-2.0-OpenSSH_7.8
proxychains nc -nv 192.168.0.10 22 ->  SSH-2.0-OpenSSH_7.4p1 Debian-10+deb9u7
proxychains nc -nv 192.168.0.9 22  ->  SSH-2.0-OpenSSH_for_Windows_7.7
proxychains nc -nv 192.168.0.13 22 ->  SSH-2.0-OpenSSH_7.6p1 Ubuntu-4ubuntu0.7

<disconnect here>

[student4@frankcastle ~]$ sudo find / \( -path /proc -prune -o -path /sys -prune \) -o -mmin -30 -type f -print0 | xargs -0 sudo ls -latr
-rw-------. 1 root root                73899 Aug  5 14:35 /var/log/WadeWilson/systemd.log
-rw-------. 1 root root                25426 Aug  5 14:38 /var/log/MattMurdock/sudo.log
-rw-------. 1 root root                10973 Aug  5 14:39 /var/log/MattMurdock/sshd.log
-rw-------. 1 root root                42802 Aug  5 14:39 /var/log/WadeWilson/sudo.log
-rw-------. 1 root root                 2404 Aug  5 14:39 /var/log/MattMurdock/systemd-logind.log
-rw-------. 1 root root               457542 Aug  5 14:45 /var/log/frankcastle/CROND.log
-rw-------. 1 root root               844217 Aug  5 14:45 /var/log/frankcastle/systemd.log
-rw-r-----+ 1 root systemd-journal   8388608 Aug  5 14:45 /run/log/journal/65113b1a0d2f6087d515e6a8cd0ee7ef/system@79cd2953704b4e64871dc156d6d91449-00000000000d2d7d-0005e57ef10c6122.journal
-rw-------. 1 root root               323697 Aug  5 14:45 /var/log/WadeWilson/audit.log
-rw-------. 1 root root                 2514 Aug  5 14:45 /var/log/WadeWilson/systemd-logind.log
-rw-r-----+ 1 root systemd-journal   8388608 Aug  5 14:45 /run/log/journal/65113b1a0d2f6087d515e6a8cd0ee7ef/system@79cd2953704b4e64871dc156d6d91449-00000000000d4c27-0005e57f85fe261f.journal
-rw-r-----+ 1 root systemd-journal   8388608 Aug  5 14:46 /run/log/journal/65113b1a0d2f6087d515e6a8cd0ee7ef/system@79cd2953704b4e64871dc156d6d91449-00000000000d6ac1-0005e57f860e6af4.journal
-rw-r-----+ 1 root systemd-journal   8388608 Aug  5 14:48 /run/log/journal/65113b1a0d2f6087d515e6a8cd0ee7ef/system@79cd2953704b4e64871dc156d6d91449-00000000000d8b9e-0005e57f86945b40.journal
-rw-r-----+ 1 root systemd-journal   8388608 Aug  5 14:52 /run/log/journal/65113b1a0d2f6087d515e6a8cd0ee7ef/system@79cd2953704b4e64871dc156d6d91449-00000000000daa31-0005e57f8e38f428.journal
-rw-------. 1 root root                12388 Aug  5 14:52 /var/log/WadeWilson/sshd.log
-rw-------. 1 root root                51654 Aug  5 14:54 /var/log/peterparker/sudo.log
-rw-r--r--. 1 root root                    6 Aug  5 14:55 /usr/local/maldetect/VERSION
-rw-r--r--. 1 root root                    0 Aug  5 14:55 /usr/local/maldetect/ignore_sigs
-rw-r--r--. 1 root root                   44 Aug  5 14:55 /usr/local/maldetect/ignore_paths
-rw-r--r--. 1 root root                  201 Aug  5 14:55 /usr/local/maldetect/ignore_inotify
-rw-r--r--. 1 root root                    0 Aug  5 14:55 /usr/local/maldetect/ignore_file_ext
-rw-------. 1 root root                19982 Aug  5 14:55 /var/log/peterparker/sshd.log
-rw-------. 1 root root                 2097 Aug  5 14:55 /var/log/peterparker/systemd-logind.log
-rw-------. 1 root root                63599 Aug  5 14:55 /var/log/peterparker/systemd.log
-rw-------. 1 root root                25742 Aug  5 14:56 /var/log/frankcastle/rsyslogd.log
-rw-------. 1 root root                25130 Aug  5 14:57 /var/log/TonyStark/sudo.log
-rw-------. 1 root root                12244 Aug  5 14:58 /var/log/TonyStark/sshd.log
-rw-------. 1 root root                 2006 Aug  5 14:58 /var/log/TonyStark/systemd-logind.log
-rw-------. 1 root root            161342024 Aug  5 14:59 /var/log/frankcastle/kernel.log
-rw-------. 1 root root                 5167 Aug  5 14:59 /var/log/frankcastle/journal.log
-rw-------. 1 root root                  125 Aug  5 14:59 /var/lib/rsyslog/imjournal.state
-rw-------. 1 root root              7423378 Aug  5 14:59 /var/log/audit/audit.log
-rw-------. 1 root root                64359 Aug  5 14:59 /var/log/frankcastle/sudo.log
-rw-r-----+ 1 root systemd-journal   8388608 Aug  5 14:59 /run/log/journal/65113b1a0d2f6087d515e6a8cd0ee7ef/system.journal

2022-08-05 15:00:19-- DISCONNECTED



-----------------------X
=========================

=========================
T2: 192.168.0.10
=========================
X-----------------------

2022-08-05 13:29:53-- ON

2022-08-05 13:29:58-- vetting start

<same as MM9>

2022-08-05 13:30:02-- vetting ends

disconnect

student4@TonyStark:~$ sudo find / \( -path /proc -prune -o -path /sys -prune \) -o -mmin -30 -type f -print0 | xargs -0 sudo ls -latr
sudo: unable to resolve host TonyStark
[sudo] password for student4: 
find: ‘/run/user/112/gvfs’: Permission denied
sudo: unable to resolve host TonyStark
-rw-------  1 root root            2285758 Aug  5 14:57 /var/log/lightdm/seat0-greeter.log
-rw-------  1 root sudo                 80 Aug  5 14:57 /var/lib/sudo/ts/student4
-rw-r-----+ 1 root systemd-journal 2629632 Aug  5 14:57 /run/log/journal/3c239f5065784b5cb58eb4159356ebe2/system.journal

2022-08-05 14:57:51-- DISCONNECTED

------------------------X
=========================

=========================
T3:192.168.0.23
=========================
X-----------------------

2022-08-05 13:30:21-- ON

2022-08-05 13:12:25-- 
####collect files####
[student4@peterparker ~]$ md5sum /etc/passwd
86d0de34aeda559db7654e6dc41812bc  /etc/passwd
[student4@peterparker ~]$ sudo md5sum /etc/shadow
51403a3d54913257021773622c31201e  /etc/shadow



disconnect


[student4@peterparker ~]$ sudo find / \( -path /proc -prune -o -path /sys -prune \) -o -mmin -30 -type f -print0 | xargs -0 sudo ls -latr
-rw-------. 1 root root                122 Aug  5 14:54 /var/lib/rsyslog/imjournal.state
-rw-------. 1 root root             721252 Aug  5 14:54 /var/log/audit/audit.log

2022-08-05 14:54:56-- DISCONNECTED



------------------------X
=========================

=========================
T4: 192.168.0.12
=========================
X-----------------------

2022-08-05 13:12:12-- ON

2022-08-05 13:30:28-- start
student4@DESKTOP-14H8G30 C:\Users\student4>net user                                                                                                                                                                 
                                                                                                                                                                                                                    
User accounts for \\DESKTOP-14H8G30                                                                                                                                                                                 
                                                                                                                                                                                                                    
-------------------------------------------------------------------------------                                                                                                                                     
Admin                    Administrator            cloudbase-init                                                                                                                                                    
DefaultAccount           Guest                    student1                                                                                                                                                          
student10                student11                student12                                                                                                                                                         
student13                student14                student15                                                                                                                                                         
student16                student17                student18                                                                                                                                                         
student19                student2                 student20                                                                                                                                                         
student21                student22                student23                                                                                                                                                         
student3                 student4                 student5                                                                                                                                                          
student6                 student7                 student8                                                                                                                                                          
student9                 WDAGUtilityAccount                                                                                                                                                                         
The command completed successfully.                                                                                                                                                                                 
                                      


2022-08-05 13:21:49-- 
tudent4@DESKTOP-14H8G30 C:\Users\student4>dir /o:d /t:w c:\windows\prefetch                                                                                                                                        
 Volume in drive C is OS                                                                                                                                                                                            
 Volume Serial Number is 00E6-9C0D                                                                                                                                                                                  
                                                                                                                                                                                                                    
 Directory of c:\windows\prefetch                                                                                                                                                                                   
                                                                                                                                                                                                                    
07/26/2022  01:54 PM           334,168 AgAppLaunch.db                                                                                                                                                               
07/26/2022  02:02 PM            33,339 PROVTOOL.EXE-73E5CABC.pf                                                                                                                                                     
07/26/2022  02:02 PM             4,773 SVCHOST.EXE-3CD55D4B.pf                                                                                                                                                      
07/26/2022  02:02 PM             4,698 SVCHOST.EXE-9F662815.pf                                                                                                                                                      
07/26/2022  02:02 PM             6,211 SVCHOST.EXE-E419F794.pf                                                                                                                                                      
07/26/2022  02:03 PM             3,214 SETUPUGC.EXE-B507AEB3.pf                                                                                                                                                     
07/26/2022  02:03 PM             3,620 SVCHOST.EXE-9BC0BFC0.pf                                                                                                                                                      
07/26/2022  02:04 PM             2,980 MLABEL.EXE-FA099868.pf                                                                                                                                                       
07/26/2022  02:08 PM             7,594 SVCHOST.EXE-99FAF0B8.pf                                                                                                                                                      
07/26/2022  02:08 PM             4,788 SVCHOST.EXE-E1A02971.pf                                                                                                                                                      
07/26/2022  02:08 PM             6,246 SVCHOST.EXE-D6A6577C.pf                                                                                                                                                      
07/26/2022  02:09 PM             2,268 OPENSTACKSERVICE.EXE-0DB27284.pf                                                                                                                                             
07/26/2022  02:10 PM             3,765 CLOUDBASE-INIT.EXE-1EBFE757.pf                                                                                                                                               
07/26/2022  02:10 PM            28,620 PYTHON.EXE-F586EFF6.pf                                                                                                                                                       
07/26/2022  02:10 PM             7,348 CSCRIPT.EXE-E4C98DEB.pf                                                                                                                                                      
07/26/2022  02:11 PM             4,576 SVCHOST.EXE-D4B244E5.pf                                                                                                                                                      
07/26/2022  02:11 PM             4,698 SVCHOST.EXE-5F0B9C2E.pf                                                                                                                                                      
07/26/2022  02:11 PM            23,028 FIREFOX.EXE-F217D479.pf                                                                                                                                                      
07/26/2022  02:11 PM             9,052 SETUP.EXE-EB029244.pf                                                                                                                                                        
07/26/2022  02:12 PM             4,547 MAINTENANCESERVICE.EXE-5E7F532C.pf                                                                                                                                           
07/26/2022  02:12 PM             8,678 MAINTENANCESERVICE_INSTALLER.-A0BF084D.pf                                                                                                                                    
07/26/2022  02:12 PM             5,379 DEFAULT-BROWSER-AGENT.EXE-38ABA0B2.pf                                                                                                                                        
07/26/2022  02:13 PM            12,957 WUSA.EXE-2455B4B3.pf                                                                                                                                                         
07/26/2022  02:15 PM           196,620 PfPre_899c4a9d.mkd                                                                                                                                                           
07/26/2022  02:18 PM             2,080 SC.EXE-BC6DAF49.pf                                                                                                                                                           
07/26/2022  02:18 PM             5,680 SSH-KEYGEN.EXE-FE381448.pf                                                                                                                                                   
07/26/2022  02:20 PM             4,992 SVCHOST.EXE-E78C70A8.pf                                                                                                                                                      
07/26/2022  02:21 PM             6,003 SETTINGSYNCHOST.EXE-4912ABB0.pf                                                                                                                                              
07/26/2022  02:21 PM            31,005 MICROSOFTEDGE.EXE-E61F8CE9.pf                                                                                                                                                
07/26/2022  02:21 PM             7,381 FSQUIRT.EXE-CEB3AAF1.pf                                                                                                                                                      
07/26/2022  02:21 PM             7,939 SVCHOST.EXE-7155F8D9.pf                                                                                                                                                      
07/26/2022  02:21 PM            22,766 ONEDRIVESETUP.EXE-DB6B36F0.pf                                                                                                                                                
07/26/2022  02:24 PM             6,122 FILESYNCCONFIG.EXE-9BAA9211.pf                                                                                                                                               
07/26/2022  02:25 PM             6,645 FILESYNCCONFIG.EXE-FDC4C27D.pf                                                                                                                                               
07/26/2022  02:28 PM             4,794 RUNTIMEBROKER.EXE-52738C5B.pf                                                                                                                                                
07/26/2022  02:28 PM             6,622 RUNTIMEBROKER.EXE-88DF60F5.pf                                                                                                                                                
07/26/2022  02:29 PM             6,768 BYTECODEGENERATOR.EXE-883FEF79.pf                                                                                                                                            
07/26/2022  02:29 PM             6,402 SVCHOST.EXE-4C7F9A61.pf                                                                                                                                                      
07/26/2022  02:29 PM             4,133 RUNTIMEBROKER.EXE-61CEC038.pf                                                                                                                                                
07/26/2022  02:29 PM             3,603 VERCLSID.EXE-4D95F5A7.pf                                                                                                                                                     
07/26/2022  02:30 PM             6,297 BYTECODEGENERATOR.EXE-EF8318FD.pf                                                                                                                                            
07/26/2022  02:30 PM             6,854 SVCHOST.EXE-A1F5A147.pf                                                                                                                                                      
07/26/2022  02:30 PM             7,990 RUNTIMEBROKER.EXE-D698437F.pf                                                                                                                                                
07/26/2022  02:42 PM             9,030 RUNTIMEBROKER.EXE-1EB34E6A.pf                                                                                                                                                
07/26/2022  04:25 PM             2,701 REG.EXE-8826EE4D.pf                                                                                                                                                          
07/26/2022  04:25 PM             6,689 MSIEXEC.EXE-F3744DFD.pf                                                                                                                                                      
07/26/2022  04:25 PM             3,645 SCHTASKS.EXE-7E9C9BE3.pf                                                                                                                                                     
07/26/2022  04:25 PM             3,012 MPSIGSTUB.EXE-D67988B1.pf                                                                                                                                                    
07/26/2022  04:25 PM             2,212 AM_ENGINE.EXE-E190975A.pf                                                                                                                                                    
07/26/2022  04:25 PM             2,200 AM_BASE.EXE-C1AEB46B.pf                                                                                                                                                      
07/26/2022  04:25 PM             2,070 MPENGINE.EXE-235598D2.pf                                                                                                                                                     
07/26/2022  04:29 PM             6,380 DISMHOST.EXE-19358DE1.pf                                                                                                                                                     
07/26/2022  04:35 PM             2,214 WINDOWS-KB890830-X64-V5.103.E-6AC36005.pf                                                                                                                                    
07/26/2022  04:36 PM            12,556 MRT.EXE-C3C3D3DA.pf                                                                                                                                                          
07/26/2022  04:39 PM             4,549 WMIAPSRV.EXE-576286C3.pf                                                                                                                                                     
07/26/2022  04:39 PM            32,737 TIWORKER.EXE-3FAB65D3.pf                                                                                                                                                     
07/26/2022  05:47 PM             4,701 DLLHOST.EXE-51BFF37E.pf                                                                                                                                                      
07/26/2022  05:47 PM            52,253 SEARCHUI.EXE-DD982BAC.pf                                                                                                                                                     
07/26/2022  05:47 PM             7,145 DLLHOST.EXE-0AD70B24.pf                                                                                                                                                      
07/26/2022  05:47 PM            10,002 RUNTIMEBROKER.EXE-3E58366D.pf                                                                                                                                                
07/26/2022  05:47 PM             4,160 SVCHOST.EXE-E2BFB71D.pf                                                                                                                                                      
07/26/2022  05:47 PM            15,455 MICROSOFTEDGECP.EXE-6ED33A03.pf                                                                                                                                              
07/26/2022  05:47 PM             4,693 SVCHOST.EXE-2376C848.pf                                                                                                                                                      
07/26/2022  05:47 PM             8,598 SVCHOST.EXE-394505AF.pf                                                                                                                                                      
07/26/2022  05:48 PM             5,667 SVCHOST.EXE-0BF145D8.pf                                                                                                                                                      
07/26/2022  05:53 PM             3,120 W32TM.EXE-5D2265F4.pf                                                                                                                                                        
07/26/2022  05:53 PM             6,474 DISMHOST.EXE-0E5FBA6D.pf                                                                                                                                                     
07/26/2022  05:53 PM             3,127 POWERCFG.EXE-37D2B69C.pf                                                                                                                                                     
07/26/2022  05:55 PM             4,759 SVCHOST.EXE-6E34377E.pf                                                                                                                                                      
07/26/2022  05:56 PM             9,445 UPDATEPLATFORM.EXE-5D23AF63.pf                                                                                                                                               
07/26/2022  05:57 PM            10,664 MPSIGSTUB.EXE-D92700D2.pf                                                                                                                                                    
07/26/2022  05:58 PM            20,516 MSMPENG.EXE-4C8F7821.pf                                                                                                                                                      
07/26/2022  05:58 PM             5,076 MOFCOMP.EXE-CDA1E783.pf                                                                                                                                                      
07/26/2022  05:58 PM             4,942 TASKKILL.EXE-609E34DE.pf                                                                                                                                                     
07/26/2022  05:58 PM             8,766 MPCMDRUN.EXE-147C0CAC.pf                                                                                                                                                     
07/26/2022  05:58 PM             6,356 MSMPENG.EXE-07F97216.pf                                                                                                                                                      
07/26/2022  06:06 PM             7,887 FILECOAUTH.EXE-BEC89D7A.pf                                                                                                                                                   
07/26/2022  06:08 PM             2,275 AM_DELTA_PATCH_1.371.874.0.EX-A25E2399.pf                                                                                                                                    
07/27/2022  02:25 PM            22,815 ONEDRIVESETUP.EXE-E2D9ED0D.pf                                                                                                                                                
07/27/2022  02:25 PM             4,249 SVCHOST.EXE-23C4E845.pf                                                                                                                                                      
07/27/2022  02:26 PM             6,756 FILESYNCCONFIG.EXE-1A187914.pf                                                                                                                                               
07/27/2022  02:26 PM             9,891 RUNTIMEBROKER.EXE-F6003A85.pf                                                                                                                                                
07/27/2022  03:52 PM             3,139 RUNDLL32.EXE-88256A4F.pf                                                                                                                                                     
07/27/2022  06:09 PM             2,122 AM_DELTA_PATCH_1.371.883.0.EX-F80366D1.pf                                                                                                                                    
07/27/2022  07:46 PM             6,417 DISMHOST.EXE-183E0D17.pf                                                                                                                                                     
07/27/2022  07:51 PM             4,242 SVCHOST.EXE-ED9EE147.pf                                                                                                                                                      
07/28/2022  12:01 PM             2,104 AM_DELTA_PATCH_1.371.934.0.EX-1F3422CA.pf                                                                                                                                    
07/28/2022  02:07 PM            22,703 BACKGROUNDTASKHOST.EXE-0F542490.pf                                                                                                                                           
07/28/2022  05:41 PM             2,965 CTFMON.EXE-AF4187A6.pf                                                                                                                                                       
07/28/2022  05:41 PM            16,273 LOGONUI.EXE-1BEE4A84.pf                                                                                                                                                      
07/28/2022  05:48 PM             5,897 POQEXEC.EXE-7C336EAC.pf                                                                                                                                                      
07/28/2022  05:59 PM             1,744 PfSvPerfStats.bin                                                                                                                                                            
07/28/2022  05:59 PM         2,055,328 AgRobust.db                                                                                                                                                                  
07/28/2022  05:59 PM           601,703 AgGlGlobalHistory.db                                                                                                                                                         
07/28/2022  05:59 PM           194,190 AgGlFaultHistory.db                                                                                                                                                          
07/28/2022  05:59 PM           166,378 AgGlFgAppHistory.db                                                                                                                                                          
07/28/2022  06:02 PM             8,172 NISSRV.EXE-61C93404.pf                                                                                                                                                       
07/28/2022  06:03 PM             4,142 SVCHOST.EXE-3034E4C7.pf                                                                                                                                                      
07/28/2022  06:03 PM             7,724 REGSVR32.EXE-55A4EE79.pf                                                                                                                                                     
07/28/2022  06:03 PM             6,555 REGSVR32.EXE-A65A209D.pf                                                                                                                                                     
07/28/2022  06:03 PM             4,348 SVCHOST.EXE-5B91BE90.pf                                                                                                                                                      
07/28/2022  06:03 PM             5,713 SVCHOST.EXE-0E3499C4.pf                                                                                                                                                      
07/28/2022  06:03 PM             5,528 SVCHOST.EXE-3DE3F207.pf                                                                                                                                                      
07/28/2022  06:03 PM             5,552 SVCHOST.EXE-6C41C694.pf                                                                                                                                                      
07/28/2022  06:04 PM             5,898 SVCHOST.EXE-15722A23.pf                                                                                                                                                      
07/28/2022  06:04 PM            12,825 SVCHOST.EXE-3847098D.pf                                                                                                                                                      
07/28/2022  06:04 PM            11,939 SVCHOST.EXE-FEEB1FDF.pf                                                                                                                                                      
07/28/2022  06:04 PM             5,092 SVCHOST.EXE-FC67C24C.pf                                                                                                                                                      
07/28/2022  06:04 PM             6,999 SVCHOST.EXE-4EB725EB.pf                                                                                                                                                      
07/28/2022  06:04 PM            12,746 SVCHOST.EXE-D3179615.pf                                                                                                                                                      
07/28/2022  06:04 PM            17,048 SEDSVC.EXE-A0A1F841.pf                                                                                                                                                       
07/28/2022  06:04 PM             2,814 SGRMBROKER.EXE-E6FE19A1.pf                                                                                                                                                   
07/28/2022  06:04 PM            18,272 SVCHOST.EXE-952973B7.pf                                                                                                                                                      
07/28/2022  06:04 PM             5,128 SVCHOST.EXE-976A74D1.pf                                                                                                                                                      
07/28/2022  06:04 PM             8,346 SVCHOST.EXE-3F7C07A5.pf                                                                                                                                                      
07/28/2022  06:05 PM             5,947 WMIADAP.EXE-369DF1CD.pf                                                                                                                                                      
07/28/2022  06:05 PM             6,626 SVCHOST.EXE-ACB8002D.pf                                                                                                                                                      
07/28/2022  06:05 PM             4,906 SEARCHINDEXER.EXE-77D27BAC.pf                                                                                                                                                
07/28/2022  06:06 PM             4,542 MICROSOFTEDGEUPDATESETUP_X86_-BC2CED51.pf                                                                                                                                    
07/28/2022  06:07 PM             5,828 MICROSOFTEDGEUPDATE.EXE-1EE7B4FC.pf                                                                                                                                          
07/28/2022  06:10 PM             4,452 SVCHOST.EXE-2737E775.pf                                                                                                                                                      
07/28/2022  06:10 PM             5,804 SVCHOST.EXE-AA4ED266.pf                                                                                                                                                      
07/28/2022  06:10 PM             5,629 SVCHOST.EXE-7ECEF295.pf                                                                                                                                                      
07/28/2022  06:10 PM            12,171 SIHOST.EXE-473D56F5.pf                                                                                                                                                       
07/28/2022  06:10 PM            18,872 SVCHOST.EXE-3C212B64.pf                                                                                                                                                      
07/28/2022  06:11 PM             4,992 RUNDLL32.EXE-4833B1ED.pf                                                                                                                                                     
07/28/2022  06:11 PM            17,083 SETUP.EXE-56CD1CA9.pf                                                                                                                                                        
07/28/2022  06:11 PM             4,451 SETUP.EXE-56CD1CB0.pf                                                                                                                                                        
07/28/2022  06:11 PM            11,844 MSEDGE.EXE-BA103772.pf                                                                                                                                                       
07/28/2022  06:11 PM            12,626 IE4UINIT.EXE-0BC11EF2.pf                                                                                                                                                     
07/28/2022  06:11 PM             7,279 RUNDLL32.EXE-F52D40E6.pf                                                                                                                                                     
07/28/2022  06:11 PM            35,480 MSEDGE.EXE-BA103770.pf                                                                                                                                                       
07/28/2022  06:11 PM             4,709 MSEDGE.EXE-BA103777.pf                                                                                                                                                       
07/28/2022  06:11 PM             5,453 DLLHOST.EXE-07288030.pf                                                                                                                                                      
07/28/2022  06:11 PM            46,726 SHELLEXPERIENCEHOST.EXE-A79CCB8C.pf                                                                                                                                          
07/28/2022  06:11 PM            15,339 RUNTIMEBROKER.EXE-9189E63F.pf                                                                                                                                                
07/28/2022  06:11 PM            43,890 SEARCHUI.EXE-E62B8931.pf                                                                                                                                                     
07/28/2022  06:11 PM             8,389 RUNTIMEBROKER.EXE-46EB93F2.pf                                                                                                                                                
07/28/2022  06:11 PM             8,275 SVCHOST.EXE-27D39447.pf                                                                                                                                                      
07/28/2022  06:12 PM            16,335 RUNTIMEBROKER.EXE-A02FF048.pf                                                                                                                                                
07/28/2022  06:12 PM            10,440 MOBSYNC.EXE-D8BC6ED2.pf                                                                                                                                                      
07/28/2022  06:12 PM             8,849 MSASCUIL.EXE-7B82DF9E.pf                                                                                                                                                     
07/28/2022  06:12 PM    <DIR>          ReadyBoot                                                                                                                                                                    
07/28/2022  06:12 PM            86,052 ONEDRIVE.EXE-CEE89BA5.pf                                                                                                                                                     
07/28/2022  06:12 PM            19,700 RUNTIMEBROKER.EXE-0608842E.pf                                                                                                                                                
07/28/2022  06:12 PM             7,411 SVCHOST.EXE-9261E0C3.pf                                                                                                                                                      
07/28/2022  06:12 PM           108,791 AgCx_SC4.db                                                                                                                                                                  
07/28/2022  06:12 PM             2,246 AM_DELTA_PATCH_1.371.974.0.EX-79C76C7E.pf                                                                                                                                    
07/28/2022  06:13 PM            11,298 RUNTIMEBROKER.EXE-B1424590.pf                                                                                                                                                
07/28/2022  06:14 PM             6,263 SVCHOST.EXE-A1D151B2.pf                                                                                                                                                      
07/28/2022  06:14 PM             6,853 MICROSOFTEDGE_X64_103.0.1264.-14C3132A.pf                                                                                                                                    
07/28/2022  06:16 PM            17,081 APPLICATIONFRAMEHOST.EXE-0CF44CC4.pf                                                                                                                                         
07/28/2022  06:16 PM            42,432 WINSTORE.APP.EXE-0AF12D1D.pf                                                                                                                                                 
07/28/2022  06:16 PM            10,599 RUNTIMEBROKER.EXE-75F098F1.pf                                                                                                                                                
07/28/2022  06:16 PM             5,067 SVCHOST.EXE-B6D911AB.pf                                                                                                                                                      
07/28/2022  08:10 PM             7,304 SVCHOST.EXE-A3CD3022.pf                                                                                                                                                      
07/29/2022  05:14 AM             9,379 WERMGR.EXE-F41C802B.pf                                                                                                                                                       
07/29/2022  03:14 PM             6,962 MICROSOFTEDGE_X64_103.0.1264.-7ABF2E86.pf                                                                                                                                    
07/29/2022  06:06 PM           276,398 Layout.ini                                                                                                                                                                   
07/29/2022  06:06 PM             5,258 DEFRAG.EXE-738093E8.pf                                                                                                                                                       
07/29/2022  06:13 PM             2,136 AM_DELTA_PATCH_1.371.986.0.EX-526B5D55.pf                                                                                                                                    
07/29/2022  07:19 PM             2,803 AM_DELTA.EXE-F581BB16.pf                                                                                                                                                     
07/29/2022  07:21 PM             4,680 DISMHOST.EXE-E058012D.pf                                                                                                                                                     
07/29/2022  08:38 PM             4,889 WINDOWSUPDATEBOX.EXE-4BE601BF.pf                                                                                                                                             
07/29/2022  08:38 PM            15,002 SETUPHOST.EXE-631F3AE6.pf                                                                                                                                                    
07/29/2022  10:35 PM             7,187 SVCHOST.EXE-28AB2133.pf                                                                                                                                                      
07/29/2022  10:38 PM             9,976 VDS.EXE-AD27F0DC.pf                                                                                                                                                          
07/30/2022  06:56 AM             4,129 VDSLDR.EXE-85F9A1C6.pf                                                                                                                                                       
07/30/2022  06:12 PM             2,192 AM_DELTA_PATCH_1.371.1055.0.E-D3887979.pf                                                                                                                                    
07/31/2022  12:21 PM             6,771 SVCHOST.EXE-39A7ADDE.pf                                                                                                                                                      
07/31/2022  06:13 PM             2,145 AM_DELTA_PATCH_1.371.1089.0.E-5B752D94.pf                                                                                                                                    
08/01/2022  04:42 AM            12,974 SVCHOST.EXE-9A6BF70A.pf                                                                                                                                                      
08/01/2022  04:42 AM            16,221 SVCHOST.EXE-7A660921.pf                                                                                                                                                      
08/01/2022  10:49 AM             2,211 AM_DELTA_PATCH_1.371.1176.0.E-D93AF66D.pf                                                                                                                                    
08/01/2022  06:13 PM             2,154 AM_DELTA_PATCH_1.371.1222.0.E-7B6DE65D.pf                                                                                                                                    
08/02/2022  10:14 AM             2,170 AM_DELTA_PATCH_1.371.1247.0.E-ADB55740.pf                                                                                                                                    
08/02/2022  02:11 PM             9,713 SVCHOST.EXE-375FA80F.pf                                                                                                                                                      
08/02/2022  04:01 PM            12,049 SDIAGNHOST.EXE-67CD1457.pf                                                                                                                                                   
08/02/2022  04:02 PM             6,145 SVCHOST.EXE-2F12374D.pf                                                                                                                                                      
08/02/2022  04:02 PM             4,429 FODHELPER.EXE-9E7B2B38.pf                                                                                                                                                    
08/02/2022  04:02 PM             3,613 SVCHOST.EXE-8FAF3E1C.pf                                                                                                                                                      
08/02/2022  04:06 PM            12,012 MAKECAB.EXE-21F14B27.pf                                                                                                                                                      
08/02/2022  04:25 PM            49,522 ResPriHMStaticDb.ebd                                                                                                                                                         
08/02/2022  04:26 PM            12,978 WINSAT.EXE-F927CE81.pf                                                                                                                                                       
08/02/2022  06:13 PM             2,150 AM_DELTA_PATCH_1.371.1290.0.E-57F088EE.pf                                                                                                                                    
08/02/2022  06:13 PM             4,525 SYSTEMINFO.EXE-F360EB78.pf                                                                                                                                                   
08/02/2022  06:42 PM             4,484 SVCHOST.EXE-5DBBC687.pf                                                                                                                                                      
08/02/2022  07:30 PM             6,048 CERTUTIL.EXE-CB7805D7.pf                                                                                                                                                     
08/03/2022  06:58 AM             7,254 DLLHOST.EXE-81C804F9.pf                                                                                                                                                      
08/03/2022  09:36 AM             2,178 AM_DELTA_PATCH_1.371.1313.0.E-FD31EC0A.pf                                                                                                                                    
08/03/2022  03:13 PM             2,448 AUDITPOL.EXE-CFD0554D.pf                                                                                                                                                     
08/03/2022  03:16 PM             2,651 NETSTAT.EXE-6D34D712.pf                                                                                                                                                      
08/03/2022  05:14 PM             8,803 WMIC.EXE-B77E8CD6.pf                                                                                                                                                         
08/03/2022  05:15 PM            16,120 BACKGROUNDTASKHOST.EXE-E5F71EB6.pf                                                                                                                                           
08/03/2022  05:17 PM            16,612 MSIEXEC.EXE-B5AFA339.pf                                                                                                                                                      
08/03/2022  05:17 PM             1,832 DOSKEY.EXE-2ED0143E.pf                                                                                                                                                       
08/03/2022  05:29 PM             4,339 SCHTASKS.EXE-2DE769BF.pf                                                                                                                                                     
08/03/2022  05:33 PM             5,468 TASKLIST.EXE-9811F41E.pf                                                                                                                                                     
08/03/2022  05:36 PM             5,469 WEVTUTIL.EXE-C09B744F.pf                                                                                                                                                     
08/03/2022  05:36 PM             2,499 FINDSTR.EXE-4176B665.pf                                                                                                                                                      
08/03/2022  06:13 PM             2,156 AM_DELTA_PATCH_1.371.1356.0.E-DAC3E35D.pf                                                                                                                                    
08/03/2022  06:44 PM             4,999 SCP.EXE-FD14E528.pf                                                                                                                                                          
08/03/2022  08:01 PM             5,440 RUNDLL32.EXE-5FB8E809.pf                                                                                                                                                     
08/03/2022  08:05 PM            11,128 NETSH.EXE-3DD790C5.pf                                                                                                                                                        
08/03/2022  08:46 PM             4,881 SVCHOST.EXE-6B128891.pf                                                                                                                                                      
08/04/2022  09:40 AM             6,652 SVCHOST.EXE-932440A7.pf                                                                                                                                                      
08/04/2022  09:41 AM            10,359 WERMGR.EXE-2A1BCBC7.pf                                                                                                                                                       
08/04/2022  02:16 PM             8,455 RUNTIMEBROKER.EXE-BFB6DA7D.pf                                                                                                                                                
08/04/2022  02:17 PM            63,965 POWERSHELL.EXE-59FC8F3D.pf                                                                                                                                                   
08/04/2022  02:26 PM            21,680 MICROSOFT.SHAREPOINT.EXE-7A5E2E42.pf                                                                                                                                         
08/04/2022  02:26 PM            12,359 BACKGROUNDTASKHOST.EXE-7F828CDF.pf                                                                                                                                           
08/04/2022  03:03 PM             2,262 REG.EXE-26976709.pf                                                                                                                                                          
08/04/2022  03:06 PM            98,512 dynrespri.7db                                                                                                                                                                
08/04/2022  03:06 PM                80 cadrespri.7db                                                                                                                                                                
08/04/2022  03:21 PM            15,503 SVCHOST.EXE-4F1B41AB.pf                                                                                                                                                      
08/04/2022  05:51 PM             5,762 MUSNOTIFYICON.EXE-A201B346.pf                                                                                                                                                
08/04/2022  05:51 PM            13,271 SVCHOST.EXE-A75F3C17.pf                                                                                                                                                      
08/04/2022  06:10 PM             6,924 SLUI.EXE-A65918C4.pf                                                                                                                                                         
08/04/2022  06:10 PM             6,185 SPPEXTCOMOBJ.EXE-F8C1C601.pf                                                                                                                                                 
08/04/2022  06:11 PM             9,504 FILECOAUTH.EXE-32908DF1.pf                                                                                                                                                   
08/04/2022  06:11 PM             4,654 SVCHOST.EXE-2AADFF22.pf                                                                                                                                                      
08/04/2022  06:11 PM             5,480 SMARTSCREEN.EXE-4BF07096.pf                                                                                                                                                  
08/04/2022  06:13 PM             6,613 DLLHOST.EXE-FFE38D08.pf                                                                                                                                                      
08/04/2022  06:13 PM            55,097 MPSIGSTUB.EXE-7C60A359.pf                                                                                                                                                    
08/04/2022  06:13 PM             6,026 WUAUCLT.EXE-830BCC14.pf                                                                                                                                                      
08/04/2022  06:13 PM    <DIR>          ..                                                                                                                                                                           
08/04/2022  06:13 PM    <DIR>          .                                                                                                                                                                            
08/04/2022  06:13 PM             2,141 AM_DELTA_PATCH_1.371.1369.0.E-34676369.pf                                                                                                                                    
08/04/2022  08:10 PM             7,290 SVCHOST.EXE-0AE07E82.pf                                                                                                                                                      
08/05/2022  02:10 AM            19,771 BACKGROUNDTASKHOST.EXE-17E78215.pf                                                                                                                                           
08/05/2022  05:28 AM            11,714 SPPSVC.EXE-CBE91656.pf                                                                                                                                                       
08/05/2022  06:01 AM             4,763 UPFC.EXE-F1E9F8C1.pf                                                                                                                                                         
08/05/2022  06:01 AM             7,664 NGEN.EXE-E9662EB6.pf                                                                                                                                                         
08/05/2022  06:01 AM            19,671 TIWORKER.EXE-FED732A7.pf                                                                                                                                                     
08/05/2022  06:01 AM             2,762 COMPATTELRUNNER.EXE-FF885652.pf                                                                                                                                              
08/05/2022  06:01 AM             5,194 VSSVC.EXE-04D079CC.pf                                                                                                                                                        
08/05/2022  06:01 AM             4,651 SVCHOST.EXE-A244D5C6.pf                                                                                                                                                      
08/05/2022  06:01 AM             4,987 SVCHOST.EXE-8884F218.pf                                                                                                                                                      
08/05/2022  06:01 AM            19,094 MSCORSVW.EXE-98F0699A.pf                                                                                                                                                     
08/05/2022  06:01 AM            16,795 NGENTASK.EXE-90AAC3ED.pf                                                                                                                                                     
08/05/2022  06:02 AM            14,622 SVCHOST.EXE-C9E10D5F.pf                                                                                                                                                      
08/05/2022  06:03 AM             4,606 TRUSTEDINSTALLER.EXE-031B6478.pf                                                                                                                                             
08/05/2022  10:01 AM             8,975 MPCMDRUN.EXE-4E35BBD9.pf                                                                                                                                                     
08/05/2022  10:01 AM             5,686 NGEN.EXE-8DF18334.pf                                                                                                                                                         
08/05/2022  10:01 AM             8,522 DLLHOST.EXE-79BA10F2.pf                                                                                                                                                      
08/05/2022  10:01 AM             7,393 SVCHOST.EXE-99E392ED.pf                                                                                                                                                      
08/05/2022  10:01 AM            19,427 NGENTASK.EXE-F262E2AB.pf                                                                                                                                                     
08/05/2022  10:01 AM            11,577 MSCORSVW.EXE-FAA88858.pf                                                                                                                                                     
08/05/2022  10:02 AM            16,674 SVCHOST.EXE-7F44DDFD.pf                                                                                                                                                      
08/05/2022  10:10 AM            14,294 TASKHOSTW.EXE-4DB99E1B.pf                                                                                                                                                    
08/05/2022  10:15 AM             4,877 SVCHOST.EXE-E5A71308.pf                                                                                                                                                      
08/05/2022  12:55 PM             6,465 WMIPRVSE.EXE-43972D0F.pf                                                                                                                                                     
08/05/2022  01:08 PM            17,987 RUNTIMEBROKER.EXE-5C74CC5C.pf                                                                                                                                                
08/05/2022  01:11 PM             3,611 DLLHOST.EXE-1F451EF5.pf                                                                                                                                                      
08/05/2022  01:11 PM             5,884 SSHD.EXE-45456324.pf                                                                                                                                                         
08/05/2022  01:11 PM             5,122 CONHOST.EXE-3218E401.pf                                                                                                                                                      
08/05/2022  01:11 PM             2,524 SSH-SHELLHOST.EXE-C0812F7F.pf                                                                                                                                                
08/05/2022  01:11 PM             3,357 CMD.EXE-89305D47.pf                                                                                                                                                          
08/05/2022  01:12 PM             2,703 IPCONFIG.EXE-62724FE6.pf                                                                                                                                                     
08/05/2022  01:13 PM             6,312 MICROSOFTEDGEUPDATE.EXE-0E099B6C.pf                                                                                                                                          
08/05/2022  01:16 PM             4,463 SEARCHPROTOCOLHOST.EXE-AFAD3EF9.pf                                                                                                                                           
08/05/2022  01:16 PM             3,887 SEARCHFILTERHOST.EXE-AA7A1FDD.pf                                                                                                                                             
08/05/2022  01:19 PM             3,432 QUSER.EXE-E2781AEB.pf                                                                                                                                                        
08/05/2022  01:19 PM             2,526 QUERY.EXE-82A61FC1.pf                                                                                                                                                        
08/05/2022  01:19 PM             4,283 NET1.EXE-B8A8247B.pf                                                                                                                                                         
08/05/2022  01:19 PM             3,008 NET.EXE-1DF3A2F6.pf                                                                                                                                                          
             263 File(s)      6,430,749 bytes                                                                                                                                                                       
               3 Dir(s)  92,855,308,288 bytes free               


####disconnect

2022-08-05 14:49:08-- DISCONNECTED


------------------------X
=========================



=========================
T5: 192.168.0.9 
=========================
X-----------------------
2022-08-05 13:28:06-- ON

student4@DESKTOP-F75703C C:\Users\student4>ipconfig /all

Windows IP Configuration

   Host Name . . . . . . . . . . . . : DESKTOP-F75703C
   Primary Dns Suffix  . . . . . . . :
   Node Type . . . . . . . . . . . . : Hybrid
   IP Routing Enabled. . . . . . . . : No
   WINS Proxy Enabled. . . . . . . . : No
   DNS Suffix Search List. . . . . . : vta

Ethernet adapter Ethernet:

   Connection-specific DNS Suffix  . : vta
   Description . . . . . . . . . . . : Red Hat VirtIO Ethernet Adapter
   Physical Address. . . . . . . . . : FA-16-3E-78-9E-D0
   DHCP Enabled. . . . . . . . . . . : Yes
   Autoconfiguration Enabled . . . . : Yes
   Link-local IPv6 Address . . . . . : fe80::b9f1:6d4a:db87:1dd5%3(Preferred)
   IPv4 Address. . . . . . . . . . . : 192.168.0.9(Preferred)
   Subnet Mask . . . . . . . . . . . : 255.255.255.0
   Lease Obtained. . . . . . . . . . : Thursday, July 28, 2022 1:56:40 AM
   Lease Expires . . . . . . . . . . : Saturday, August 6, 2022 9:11:31 AM
   Default Gateway . . . . . . . . . : 192.168.0.254
   DHCP Server . . . . . . . . . . . : 192.168.0.5
   DHCPv6 IAID . . . . . . . . . . . : 117052990
   DHCPv6 Client DUID. . . . . . . . : 00-01-00-01-2A-71-AA-29-FA-16-3E-78-9E-D0
   DNS Servers . . . . . . . . . . . : 10.50.255.254
   NetBIOS over Tcpip. . . . . . . . : Enabled



student4@DESKTOP-F75703C C:\Users\student4>date /t 
Fri 08/05/2022                              
                                            
student4@DESKTOP-F75703C C:\Users\student4>time /t 
01:27 PM     


student4@DESKTOP-F75703C C:\Users\student4>query user
 USERNAME              SESSIONNAME        ID  STATE   IDLE TIME  LOGON TIME
 administrator         console             1  Active      none   7/28/2022 2:00 AM


nc64.exe                      4228 Console                    1      3,660 K Unknown         DESKTOP-F75703C\Administrator                           0:00:00 N/A
powershell.exe                7004 Console                    1     31,820 K Unknown         DESKTOP-F75703C\Administrator                           0:00:50 N/A
MsMpEng.exe                   2192 Services                   0    208,852 K Unknown         NT AUTHORITY\SYSTEM                                     0:51:34 N/A


"C:\Tools\netcat\nc64.exe" -w 1 192.168.0.13 12310                                                                                                                  7004             2388

student4@DESKTOP-F75703C C:\Users\student4>auditpol /get /category:*
System audit policy 
Category/Subcategory                      Setting 
System
  Security System Extension               No Auditing
  System Integrity                        Success and Failure
  IPsec Driver                            No Auditing
  Other System Events                     Success and Failure
  Security State Change                   Success
Logon/Logoff
  Logon                                   Success and Failure
  Logoff                                  Success
  Account Lockout                         Success
  IPsec Main Mode                         No Auditing
  IPsec Quick Mode                        No Auditing
  IPsec Extended Mode                     No Auditing
  Special Logon                           Success
  Other Logon/Logoff Events               No Auditing
  Network Policy Server                   Success and Failure
  User / Device Claims                    No Auditing
  Group Membership                        No Auditing


  TCP    192.168.0.9:63949      192.168.0.13:12314     SYN_SENT        556 
 [nc64.exe]


student4@DESKTOP-F75703C C:\Users\student4>reg query hklm\software\microsoft\windows\currentversion\run

HKEY_LOCAL_MACHINE\software\microsoft\windows\currentversion\run
    SecurityHealth    REG_EXPAND_SZ    %windir%\system32\SecurityHealthSystray.exe
    Beacon    REG_SZ    C:\WINDOWS\system32\WindowsPowerShell\v1.0\powershell.exe C:\Tools\beacon.ps1


student4@DESKTOP-F75703C C:\Users\student4>dir /o:d /t:w c:\ 
 Volume in drive C is OS 
 Volume Serial Number is A214-0667

 Directory of c:\

07/26/2022  02:20 PM    <DIR>          Sysinternals
07/26/2022  02:20 PM    <DIR>          Tools
07/27/2022  01:23 AM    <DIR>          Program Files
07/28/2022  01:44 AM    <DIR>          PerfLogs
07/28/2022  01:59 AM    <DIR>          Program Files (x86)
08/01/2022  02:53 PM    <DIR>          Users
08/02/2022  04:25 AM    <DIR>          Windows
               0 File(s)              0 bytes
               7 Dir(s)  12,189,446,144 bytes free
2022-08-05 13:44:00-- looking complete

2022-08-05 13:48:15-- 
PS C:\Users\student4> Get-FileHash -Algorithm MD5 -Path (Get-ChildItem "C:\Program Files\Common Files\system\ado\*.*" -Recurse) -ErrorAction SilentlyContinue

Algorithm       Hash                                                                   Path
---------       ----                                                                   ----
MD5             8E0F8C883378CC8185004AC81884729B                                       C:\Program Files\Common Files\system\ado\en-US\msader15.dll.mui
MD5             B179A31D27F5435E718A83BBDE1338DD                                       C:\Program Files\Common Files\system\ado\adojavas.inc
MD5             21A8AF873ACC06A30EAC8F5BBB7BCAAB                                       C:\Program Files\Common Files\system\ado\adovbs.inc
MD5             8D3893514FA1E5FC9AC0A10446AF50BE                                       C:\Program Files\Common Files\system\ado\msader15.dll
MD5             502F513A3095E2A5993DD0BCD8FF31D4                                       C:\Program Files\Common Files\system\ado\msado15.dll
MD5             682F2064C5D2B4B80C84EE581C84E24A                                       C:\Program Files\Common Files\system\ado\msado20.tlb
MD5             E37D00A723E8843CF8637969CB173DC9                                       C:\Program Files\Common Files\system\ado\msado21.tlb
MD5             299DBB927B6390C6B925757DD5B2B7FF                                       C:\Program Files\Common Files\system\ado\msado25.tlb
MD5             6DC7AF48BE23A3333424C351847EDB2D                                       C:\Program Files\Common Files\system\ado\msado26.tlb
MD5             51B427B3546F630ADFC6C7D4ED7697A7                                       C:\Program Files\Common Files\system\ado\msado27.tlb                                                                        
MD5             93A5D4596F38E340B41C1F859B0FCC0E                                       C:\Program Files\Common Files\system\ado\msado28.tlb
MD5             5EEAF7C59489DE5017639EF9BDE88C3A                                       C:\Program Files\Common Files\system\ado\msado60.tlb
MD5             B13BCFAF1B2817ECDA80BC884486A3B6                                       C:\Program Files\Common Files\system\ado\msadomd.dll
MD5             9A15FF42957241C763AAC228372A3CDD                                       C:\Program Files\Common Files\system\ado\msadomd28.tlb
MD5             A2437D50AEC19450F9226B934971DF8D                                       C:\Program Files\Common Files\system\ado\msador15.dll
MD5             D4581752CF4B726CEB8C06FE46C6FF7F                                       C:\Program Files\Common Files\system\ado\msador28.tlb
MD5             8F8AFAEA2D82F0DD09BA7F1BCD7BE4A0                                       C:\Program Files\Common Files\system\ado\msadox.dll
MD5             769FC3EF10B35FE7404C76D384CC0380                                       C:\Program Files\Common Files\system\ado\msadox28.tlb
MD5             8F68D5CE2C1702941D9DDA390D22E665                                       C:\Program Files\Common Files\system\ado\msadrh15.dll

b179a31d27f5435e718a83bbde1338dd  ./adojavas.inc
8f68d5ce2c1702941d9dda390d22e665  ./msadrh15.dll
93a5d4596f38e340b41c1f859b0fcc0e  ./msado28.tlb
769fc3ef10b35fe7404c76d384cc0380  ./msadox28.tlb
8d3893514fa1e5fc9ac0a10446af50be  ./msader15.dll
51b427b3546f630adfc6c7d4ed7697a7  ./msado27.tlb
d4581752cf4b726ceb8c06fe46c6ff7f  ./msador28.tlb
682f2064c5d2b4b80c84ee581c84e24a  ./msado20.tlb
8f8afaea2d82f0dd09ba7f1bcd7be4a0  ./msadox.dll
b13bcfaf1b2817ecda80bc884486a3b6  ./msadomd.dll
5eeaf7c59489de5017639ef9bde88c3a  ./msado60.tlb
8e0f8c883378cc8185004ac81884729b  ./en-US/msader15.dll.mui
a2437d50aec19450f9226b934971df8d  ./msador15.dll
6dc7af48be23a3333424c351847edb2d  ./msado26.tlb
502f513a3095e2a5993dd0bcd8ff31d4  ./msado15.dll
e37d00a723e8843cf8637969cb173dc9  ./msado21.tlb
299dbb927b6390c6b925757dd5b2b7ff  ./msado25.tlb
9a15ff42957241c763aac228372a3cdd  ./msadomd28.tlb
21a8af873acc06a30eac8f5bbb7bcaab  ./adovbs.inc

2022-08-05 13:53:15-- collected

disconnect

student4@DESKTOP-F75703C C:\Users\student4>dir /o:d /t:w c:\windows\temp 
 Volume in drive C is OS 
 Volume Serial Number is A214-0667

 Directory of c:\windows\temp

07/28/2022  02:00 AM    <DIR>          MsEdgeCrashpad
07/28/2022  02:08 AM         3,274,152 598cd03d-e495-47d3-b69b-683188ad0c8c.tmp
07/30/2022  02:09 PM           143,617 msedge_installer.log
08/05/2022  02:07 AM    <DIR>          92C8DD2B-3A37-41A2-9A94-FBA20C544A45-Sigs
08/05/2022  02:07 AM           278,882 MpSigStub.log
08/05/2022  04:32 AM    <DIR>          ..
08/05/2022  04:32 AM    <DIR>          .
08/05/2022  09:59 AM           106,868 MpCmdRun.log
               4 File(s)      3,803,519 bytes
               4 Dir(s)  12,197,965,824 bytes free

dir /o:d /t:w c:\windows\system32\winevt\logs
08/03/2022  04:59 AM         1,118,208 Windows PowerShell.evtx
08/03/2022  02:04 PM         1,052,672 Microsoft-Windows-TaskScheduler%4Maintenance.evtx
08/03/2022  06:19 PM         2,166,784 Microsoft-Windows-PowerShell%4Operational.evtx
08/04/2022  11:29 PM         1,052,672 Microsoft-Windows-WindowsUpdateClient%4Operational.evtx
08/04/2022  11:59 PM         1,052,672 Microsoft-Windows-SettingSync%4Debug.evtx
08/05/2022  12:00 AM         8,458,240 Microsoft-Windows-Store%4Operational.evtx
08/05/2022  02:08 AM         3,215,360 Application.evtx
08/05/2022  02:17 AM         1,118,208 System.evtx
08/05/2022  01:32 PM        13,701,120 Security.evtx

2022-08-05 14:44:39-- DISCONNECTED


------------------------X
=========================

=========================
T6: 192.168.0.13
=========================
X-----------------------
2022-08-05 13:56:54-- ON

student4@MattMurdock:~$ ip addr
1: lo: <LOOPBACK,UP,LOWER_UP> mtu 65536 qdisc noqueue state UNKNOWN group default qlen 1000
    link/loopback 00:00:00:00:00:00 brd 00:00:00:00:00:00
    inet 127.0.0.1/8 scope host lo
       valid_lft forever preferred_lft forever
    inet6 ::1/128 scope host 
       valid_lft forever preferred_lft forever
2: ens3: <BROADCAST,MULTICAST,UP,LOWER_UP> mtu 1450 qdisc mq state UP group default qlen 1000
    link/ether fa:16:3e:14:90:a8 brd ff:ff:ff:ff:ff:ff
    inet 192.168.0.13/24 brd 192.168.0.255 scope global dynamic ens3
       valid_lft 60554sec preferred_lft 60554sec
    inet6 fe80::f816:3eff:fe14:90a8/64 scope link 
       valid_lft forever preferred_lft forever

4 S syslog    5187     1  0  80   0 - 66820 -      Jul26 ?        00:00:00 /usr/sbin/rsyslogd -n


student4@MattMurdock:~$ sudo netstat -auntp
Active Internet connections (servers and established)
Proto Recv-Q Send-Q Local Address           Foreign Address         State       PID/Program name    
tcp        0      0 127.0.0.53:53           0.0.0.0:*               LISTEN      4162/systemd-resolv 
tcp        0      0 0.0.0.0:22              0.0.0.0:*               LISTEN      5318/sshd           
tcp        0    340 192.168.0.13:22         192.168.0.9:64590       ESTABLISHED 23757/sshd: student 
tcp6       0      0 :::22                   :::*                    LISTEN      5318/sshd           
udp        0      0 127.0.0.53:53           0.0.0.0:*                           4162/systemd-resolv 
udp        0      0 192.168.0.13:68         0.0.0.0:*                           4138/systemd-networ 
udp        0      0 0.0.0.0:45306           0.0.0.0:*                           5187/rsyslogd   



student4@MattMurdock:~$ uname -a
Linux MattMurdock 4.15.0-88-generic #88-Ubuntu SMP Tue Feb 11 20:11:34 UTC 2020 x86_64 x86_64 x86_64 GNU/Linux

student4@MattMurdock:~$ ls /etc/systemd/system/multi-user.target.wants
atd.service            irqbalance.service           ondemand.service       rsync.service             snapd.core-fixup.service                ssh.service               unattended-upgrades.service
console-setup.service  lxcfs.service                open-vm-tools.service  rsyslog.service           snapd.recovery-chooser-trigger.service  systemd-networkd.service
cron.service           lxd-containers.service       pollinate.service      snapd.apparmor.service    snapd.seeded.service                    systemd-resolved.service
ebtables.service       networkd-dispatcher.service  remote-fs.target       snapd.autoimport.service  snapd.service                           ufw.service


student4@MattMurdock:~$ ls -latr /var/*log*/
total 652
drwxr-xr-x   2 root      root              4096 Nov 23  2018 lxd
drwxr-xr-x   2 root      root              4096 Jan 24  2020 dist-upgrade
-rw-rw----   1 root      utmp                 0 Mar  4  2020 btmp.1
drwxr-xr-x  13 root      root              4096 Mar  4  2020 ..
drwxr-sr-x+  3 root      systemd-journal   4096 Jul 26 13:51 journal
-rw-r--r--   1 root      root              7890 Jul 26 14:08 alternatives.log.1
-rw-r-----   1 syslog    adm               6628 Jul 26 14:11 auth.log.1
-rw-------   1 root      root             65536 Jul 26 14:11 tallylog
-rw-r--r--   1 syslog    adm             115311 Jul 26 14:11 cloud-init.log
-rw-r-----   1 root      adm             122896 Jul 26 14:11 cloud-init-output.log
drwxr-xr-x   2 landscape landscape         4096 Jul 26 15:57 landscape
-rw-r-----   1 syslog    adm              53454 Jul 27 06:30 kern.log.1
-rw-r--r--   1 root      root            236129 Jul 27 06:31 dpkg.log.1
-rw-r-----   1 syslog    adm               1381 Jul 30 06:25 syslog.7.gz
-rw-r-----   1 syslog    adm                928 Jul 31 06:25 syslog.6.gz
-rw-r-----   1 syslog    adm                  0 Jul 31 06:25 kern.log
-rw-r-----   1 syslog    adm                  0 Jul 31 06:25 auth.log
-rw-rw-r--   1 root      utmp              7680 Aug  1 00:36 wtmp.1
-rw-r--r--   1 root      root                 0 Aug  1 06:25 alternatives.log
-rw-r--r--   1 root      root                 0 Aug  1 06:25 dpkg.log
drwxr-xr-x   2 root      root              4096 Aug  1 06:25 apt
-rw-r-----   1 syslog    adm               1439 Aug  1 06:25 syslog.5.gz
drwxr-x---   2 root      adm               4096 Aug  1 06:25 unattended-upgrades
-rw-rw----   1 root      utmp                 0 Aug  1 06:25 btmp
-rw-r-----   1 syslog    adm               1264 Aug  2 06:25 syslog.4.gz
-rw-r-----   1 syslog    adm               1280 Aug  3 06:25 syslog.3.gz
-rw-r-----   1 syslog    adm               1486 Aug  4 06:25 syslog.2.gz
-rw-r-----   1 syslog    adm              11803 Aug  5 06:25 syslog.1
drwxrwxr-x   8 root      syslog            4096 Aug  5 06:25 .
-rw-r-----   1 syslog    adm               2875 Aug  5 13:56 syslog
-rw-rw-r--   1 root      utmp              4992 Aug  5 13:56 wtmp
-rw-rw-r--   1 root      utmp            299008 Aug  5 13:56 lastlog


sudo find / \( -path /proc -prune -o -path /sys -prune \) -o -mmin -30 -type f -print0 | xargs -0 ls -latr
-rw-r--r-- 1 root     root  222 Aug  5 13:56  /run/systemd/transient/user-1004.slice
-rw-r--r-- 1 root     root  278 Aug  5 13:56  /run/systemd/transient/session-289.scope
-rw-r--r-- 1 root     root  237 Aug  5 13:56  /run/systemd/users/1004
-rw-r--r-- 1 root     root  291 Aug  5 13:56  /run/systemd/sessions/289
-rw------- 1 root     root  185 Aug  5 13:56  /run/systemd/journal/streams/9:167636
-rw------- 1 root     root    0 Aug  5 13:56  /var/lib/update-notifier/hwe-eol
-rw-r--r-- 1 root     root    0 Aug  5 13:56  /var/lib/update-notifier/fsck-at-reboot
-rw-r--r-- 1 root     root 1084 Aug  5 13:56  /run/motd.dynamic
-rw-rw-r-- 1 root     utmp 2304 Aug  5 13:56  /run/utmp

2022-08-05 14:11:36-- 
ssh -S /tmp/T6 bad -O forward -R 192.168.0.13:12304:localhost:12304
nc -nlvp 12304

connect to [127.0.0.1] from (UNKNOWN) [127.0.0.1] 33946
Congrats! You are an 31337 H4x0r! Credentials student#::password#

sudo find / \( -path /proc -prune -o -path /sys -prune \) -o -mmin -30 -type f -print0 | xargs -0 ls -latr


disconnect
2022-08-05 14:39:31-- DISCONNECTED


------------------------X
=========================

=========================
T7: 192.168.0.27 
=========================
X-----------------------
2022-08-05 14:14:30-- ON

[student4@WadeWilson ~]$ ip addr
1: lo: <LOOPBACK,UP,LOWER_UP> mtu 65536 qdisc noqueue state UNKNOWN group default qlen 1000
    link/loopback 00:00:00:00:00:00 brd 00:00:00:00:00:00
    inet 127.0.0.1/8 scope host lo
       valid_lft forever preferred_lft forever
    inet6 ::1/128 scope host 
       valid_lft forever preferred_lft forever
2: eth0: <BROADCAST,MULTICAST,UP,LOWER_UP> mtu 1450 qdisc mq state UP group default qlen 1000
    link/ether fa:16:3e:34:6e:8d brd ff:ff:ff:ff:ff:ff
    inet 192.168.0.27/24 brd 192.168.0.255 scope global dynamic noprefixroute eth0
       valid_lft 67565sec preferred_lft 67565sec
    inet6 fe80::f816:3eff:fe34:6e8d/64 scope link 
       valid_lft forever preferred_lft forever
[student4@WadeWilson ~]$ ls -latr .
total 28
-rw-r--r--.  1 student4 wheel  312 Oct  8  2018 .bashrc
-rw-r--r--.  1 student4 wheel  141 Oct  8  2018 .bash_profile
-rw-r--r--.  1 student4 wheel   18 Oct  8  2018 .bash_logout
drwxr-xr-x. 25 root     root  4096 Jul 26 13:52 ..
drwx------.  3 student4 wheel 4096 Jul 27 17:08 .config
drwx------.  3 student4 wheel 4096 Jul 27 17:08 .
-rw-------.  1 student4 wheel 3073 Aug  4 19:40 .bash_history



4 S root      1285     1  0  80   0 - 43103 -      Jul26 ?        00:00:48 /usr/sbin/rsyslogd -n
5 S root       414     1  0  76  -4 -  6928 -      Jul26 ?        00:00:00 /sbin/auditd




2022-08-05 14:15:36-- 
[student4@WadeWilson ~]$ sudo netstat -auntp
Active Internet connections (servers and established)
Proto Recv-Q Send-Q Local Address           Foreign Address         State       PID/Program name    
tcp        0      0 0.0.0.0:22              0.0.0.0:*               LISTEN      767/sshd            
tcp        0    196 192.168.0.27:22         192.168.0.13:52208      ESTABLISHED 11037/sshd: student 
tcp6       0      0 :::22                   :::*                    LISTEN      767/sshd            
udp        0      0 0.0.0.0:58271           0.0.0.0:*                           1285/rsyslogd       
udp        0      0 0.0.0.0:68              0.0.0.0:*                           555/dhclient        
udp        0      0 0.0.0.0:52347           0.0.0.0:*                           1285/rsyslogd       
udp        0      0 127.0.0.1:323           0.0.0.0:*                           464/chronyd         
udp6       0      0 ::1:323                 :::*                                464/chronyd 


[student4@WadeWilson ~]$ date; date -u
Fri Aug  5 14:16:28 UTC 2022
Fri Aug  5 14:16:28 UTC 2022


[student4@WadeWilson ~]$ uname -a
Linux WadeWilson 4.18.16-300.fc29.x86_64 #1 SMP Sat Oct 20 23:24:08 UTC 2018 x86_64 x86_64 x86_64 GNU/Linux

[student4@WadeWilson ~]$ ls /etc/systemd/system/multi-user.target.wants
auditd.service  chronyd.service  dnf-makecache.timer  NetworkManager.service  remote-fs.target  rsyslog.service  sshd.service  sssd.service

[student4@WadeWilson ~]$ sestatus
SELinux status:                 enabled
SELinuxfs mount:                /sys/fs/selinux
SELinux root directory:         /etc/selinux
Loaded policy name:             targeted
Current mode:                   permissive
Mode from config file:          enforcing
Policy MLS status:              enabled
Policy deny_unknown status:     allowed
Memory protection checking:     actual (secure)
Max kernel policy version:      31

[student4@WadeWilson ~]$ sudo ls -latr /etc/audit
total 28
-rw-r-----.  1 root root  127 Aug 31  2018 audit-stop.rules
-rw-r-----.  1 root root  856 Aug 31  2018 auditd.conf
drwxr-x---.  2 root root 4096 Oct 24  2018 plugins.d
drwxr-x---.  2 root root 4096 Oct 24  2018 rules.d
-rw-r-----.  1 root root   84 Jul 26 13:51 audit.rules
drwxr-x---.  4 root root 4096 Jul 26 13:51 .
drwxr-xr-x. 70 root root 4096 Aug  3 20:00 ..

####delete user: student6 ####
<time>
2022-08-05 14:28:30-- DELETED


<disconnect>
-rw-r--r--. 1 root root             1318912 Aug  5 14:04 /var/lib/rpm/__db.003
-rw-r--r--. 1 root root               90112 Aug  5 14:04 /var/lib/rpm/__db.002
-rw-r--r--. 1 root root              286720 Aug  5 14:04 /var/lib/rpm/__db.001
-rw-r--r--. 1 root root               13450 Aug  5 14:04 /var/log/dnf.rpm.log
-rw-r--r--. 1 root root              305383 Aug  5 14:04 /var/cache/dnf/fedora-modular-ce4dd907f26812da/repodata/6e103cbb21f99c2140345730236cc64b7b0f329c6e50a087b1f0d8979a022637-primary.xml.gz
-rw-r--r--. 1 root root              306767 Aug  5 14:04 /var/cache/dnf/updates-modular-24485ab21e58c84e/repodata/716ef57aea9e9c2c2118a72ba6ad0e2206045d7f599b5731ac38f668126f75f0-primary.xml.gz
-rw-r--r--. 1 root root             6195168 Aug  5 14:04 /var/cache/dnf/updates-0b4cc238d1aa4ffe/repodata/cbb4a754232133147fe9c468edd45ffd6881500b559d6c7fa2357ba36a0d8cc6-primary.xml.gz
-rw-r--r--. 1 root root             2435740 Aug  5 14:04 /var/log/dnf.librepo.log
-rw-r--r--. 1 root root            16191653 Aug  5 14:04 /var/cache/dnf/fedora-8c9e363c32277c01/repodata/912f062d93e096c75901055ffca02a0c3961b33b8e1dd65319d97d493d3e49d5-primary.xml.gz
-rw-r--r--. 1 root root              151640 Aug  5 14:04 /var/log/hawkey.log
-rw-r--r--. 1 root root             7979008 Aug  5 14:04 /var/cache/dnf/packages.db
-rw-r--r--. 1 root root              372863 Aug  5 14:04 /var/log/dnf.log
-rw-r--r--. 1 root root                   0 Aug  5 14:04 /var/cache/dnf/last_makecache
-rw-r--r--. 1 root root                   2 Aug  5 14:04 /var/cache/dnf/expired_repos.json
-rw-r--r--. 1 root root                 277 Aug  5 14:14 /run/systemd/transient/session-17.scope
-rw-------. 1 root root                 185 Aug  5 14:14 /run/systemd/journal/streams/9:8686018
-rw-r--r--. 1 root root                 233 Aug  5 14:14 /run/systemd/users/1004
-rw-r--r--. 1 root root                 289 Aug  5 14:14 /run/systemd/sessions/17
-rw-rw-r--. 1 root utmp                8832 Aug  5 14:14 /var/log/wtmp
-rw-rw-r--. 1 root utmp              299008 Aug  5 14:14 /var/log/lastlog
-rw-rw-r--. 1 root utmp                1920 Aug  5 14:14 /run/utmp
-rw-r-----+ 1 root systemd-journal  8388608 Aug  5 14:19 /var/log/journal/5d6bdcf26da147f6b632bf2ef6354626/user-1004.journal
-rw-r--r--. 1 root root                2410 Aug  5 14:28 /etc/passwd
----------. 1 root root                2032 Aug  5 14:28 /etc/shadow
-rw-r--r--. 1 root root                 506 Aug  5 14:28 /etc/subuid
-rw-r--r--. 1 root root                 506 Aug  5 14:28 /etc/subgid
-rw-r--r--. 1 root root            10406312 Aug  5 14:28 /var/lib/sss/mc/initgroups
-rw-------. 1 root root              601516 Aug  5 14:28 /var/log/messages
-rw-r-----+ 1 root systemd-journal  8388608 Aug  5 14:29 /var/log/journal/5d6bdcf26da147f6b632bf2ef6354626/system.journal
-rw-r--r--. 1 root root             8406312 Aug  5 14:32 /var/lib/sss/mc/passwd
-rw-r--r--. 1 root root             6406312 Aug  5 14:32 /var/lib/sss/mc/group

2022-08-05 14:35:45-- DISCONNECTED

------------------------X
=========================





